// Jest Snapshot v1, https://goo.gl/fbAQLP

exports[`Tabs renders component 1`] = `
<div
  class="sc-bdVaJa fDZkqc"
  data-testid="tabsComponent"
>
  <div
    class="sc-bwzfXH ihWUwL"
    data-testid="activeTab"
  >
    Breakfast
  </div>
  <div
    class="sc-bwzfXH bjqPYq"
    data-testid=""
  >
    Dinner
  </div>
  <div
    class="sc-bwzfXH bjqPYq"
    data-testid=""
  >
    Drinks
  </div>
</div>
`;
